==============================================================
 MoRI-IO block-size sweep -- 2 nodes x 8 ionic rails
   host        : AUSZRAVGUPTA   rank 0   oob 172.21.85.139
   master      : 10.2.80.11:29511
   devices     : rocep9s0,rocep25s0,rocep105s0,rocep121s0,rocep137s0,rocep153s0,rocep233s0,rocep249s0
   gid index   : 1   nic: ionic
   ctrl ifname : eth0   numa: 0
   block sweep : 4096 .. 33554432 B (geometric x2)
   op/mem      : write / gpu   iters: 128   batch: 64
   qp/xfer     : 8   workers: 8
   chunking    : 65536 B x max 64 (count saturates above 4194304 B)
   devs        : 8 init x 8 target, rail-aligned (no offset)
   alloc/gpu   : ~2048 MiB
   mori repo   : /home/ravgupta/tencent_mi308_wideEP/code/mori
==============================================================
[preflight] rail state:
  rocep9s0       MISSING from /sys/class/infiniband
  rocep25s0      MISSING from /sys/class/infiniband
  rocep105s0     MISSING from /sys/class/infiniband
  rocep121s0     MISSING from /sys/class/infiniband
  rocep137s0     MISSING from /sys/class/infiniband
  rocep153s0     MISSING from /sys/class/infiniband
  rocep233s0     MISSING from /sys/class/infiniband
  rocep249s0     MISSING from /sys/class/infiniband
  ACTIVE rails: 0/8
[preflight] FATAL: not all rails ACTIVE. A partial-fabric number is worse
            than no number -- it reads as a MoRI bandwidth regression when
            it is really a link that never came up.
